
Map of Debug\wavesgenerator.sm8 from link file Debug\wavesgenerator.lkf - Wed Apr 17 17:53:44 2013


                               --------
                               Segments
                               --------

start 00008080 end 00008bfe length  2942 segment .const
start 00008c57 end 0000a49f length  6216 segment .text
start 00001000 end 00001000 length     0 segment .eeprom
start 00000000 end 00000051 length    81 segment .bsct, initialized
start 00008c06 end 00008c57 length    81 segment .bsct, from
start 00000051 end 00000062 length    17 segment .ubsct
start 00000062 end 00000062 length     0 segment .bit
start 00000062 end 00000062 length     0 segment .share
start 00000100 end 00000100 length     0 segment .data
start 00000100 end 00000100 length     0 segment .bss
start 00000000 end 00000a2f length  2607 segment .info.
start 00000000 end 000145a7 length 83367 segment .debug
start 00008000 end 00008080 length   128 segment .const
start 00008bfe end 00008c06 length     8 segment .init


                               -------
                               Modules
                               -------

d:\Program Files (x86)\COSMIC\CXSTM8_32K\Lib\crtsi0.sm8:
start 00008c57 end 00008ca2 length    75 section .text
start 00000100 end 00000100 length     0 section .bss
start 00000051 end 00000051 length     0 section .ubsct
start 00000000 end 00000030 length    48 section .info.

Debug\stm8l15x_tim4.o:
start 00000000 end 000012a1 length  4769 section .debug
start 00000030 end 000000ba length   138 section .info.
start ******** end ******** length     0 section .text *** removed ***
start 00008ca2 end 00008caf length    13 section .text
start 00008caf end 00008cbc length    13 section .text
start ******** end ******** length     0 section .text *** removed ***
start ******** end ******** length     0 section .text *** removed ***
start ******** end ******** length     0 section .text *** removed ***
start ******** end ******** length     0 section .text *** removed ***
start ******** end ******** length     0 section .text *** removed ***
start ******** end ******** length     0 section .text *** removed ***
start ******** end ******** length     0 section .text *** removed ***
start ******** end ******** length     0 section .text *** removed ***
start ******** end ******** length     0 section .text *** removed ***
start ******** end ******** length     0 section .text *** removed ***
start ******** end ******** length     0 section .text *** removed ***
start ******** end ******** length     0 section .text *** removed ***
start ******** end ******** length     0 section .text *** removed ***
start ******** end ******** length     0 section .text *** removed ***
start ******** end ******** length     0 section .text *** removed ***
start ******** end ******** length     0 section .text *** removed ***
start ******** end ******** length     0 section .text *** removed ***
start ******** end ******** length     0 section .text *** removed ***
start ******** end ******** length     0 section .text *** removed ***
start ******** end ******** length     0 section .text *** removed ***
start ******** end ******** length     0 section .text *** removed ***

Debug\stm8l15x_tim3.o:
start 000012a1 end 0000463e length 13213 section .debug
start 000000ba end 00000144 length   138 section .info.
start 00008cbc end 00008d21 length   101 section .text
start 00008d21 end 00008d45 length    36 section .text
start ******** end ******** length     0 section .text *** removed ***
start ******** end ******** length     0 section .text *** removed ***
start ******** end ******** length     0 section .text *** removed ***
start ******** end ******** length     0 section .text *** removed ***
start ******** end ******** length     0 section .text *** removed ***
start 00008d45 end 00008d52 length    13 section .text
start ******** end ******** length     0 section .text *** removed ***
start 00008d52 end 00008d68 length    22 section .text
start ******** end ******** length     0 section .text *** removed ***
start ******** end ******** length     0 section .text *** removed ***
start ******** end ******** length     0 section .text *** removed ***
start ******** end ******** length     0 section .text *** removed ***
start ******** end ******** length     0 section .text *** removed ***
start ******** end ******** length     0 section .text *** removed ***
start ******** end ******** length     0 section .text *** removed ***
start ******** end ******** length     0 section .text *** removed ***
start ******** end ******** length     0 section .text *** removed ***
start ******** end ******** length     0 section .text *** removed ***
start ******** end ******** length     0 section .text *** removed ***
start ******** end ******** length     0 section .text *** removed ***
start ******** end ******** length     0 section .text *** removed ***
start ******** end ******** length     0 section .text *** removed ***
start ******** end ******** length     0 section .text *** removed ***
start ******** end ******** length     0 section .text *** removed ***
start ******** end ******** length     0 section .text *** removed ***
start ******** end ******** length     0 section .text *** removed ***
start ******** end ******** length     0 section .text *** removed ***
start ******** end ******** length     0 section .text *** removed ***
start ******** end ******** length     0 section .text *** removed ***
start ******** end ******** length     0 section .text *** removed ***
start ******** end ******** length     0 section .text *** removed ***
start ******** end ******** length     0 section .text *** removed ***
start ******** end ******** length     0 section .text *** removed ***
start ******** end ******** length     0 section .text *** removed ***
start ******** end ******** length     0 section .text *** removed ***
start ******** end ******** length     0 section .text *** removed ***
start ******** end ******** length     0 section .text *** removed ***
start ******** end ******** length     0 section .text *** removed ***
start ******** end ******** length     0 section .text *** removed ***
start ******** end ******** length     0 section .text *** removed ***
start ******** end ******** length     0 section .text *** removed ***
start ******** end ******** length     0 section .text *** removed ***
start ******** end ******** length     0 section .text *** removed ***
start ******** end ******** length     0 section .text *** removed ***
start ******** end ******** length     0 section .text *** removed ***
start ******** end ******** length     0 section .text *** removed ***
start ******** end ******** length     0 section .text *** removed ***
start ******** end ******** length     0 section .text *** removed ***
start ******** end ******** length     0 section .text *** removed ***
start ******** end ******** length     0 section .text *** removed ***
start ******** end ******** length     0 section .text *** removed ***
start 00008d68 end 00008d6d length     5 section .text
start ******** end ******** length     0 section .text *** removed ***
start ******** end ******** length     0 section .text *** removed ***

Debug\stm8l15x_tim2.o:
start 0000463e end 000079db length 13213 section .debug
start 00000144 end 000001ce length   138 section .info.
start ******** end ******** length     0 section .text *** removed ***
start ******** end ******** length     0 section .text *** removed ***
start ******** end ******** length     0 section .text *** removed ***
start ******** end ******** length     0 section .text *** removed ***
start ******** end ******** length     0 section .text *** removed ***
start ******** end ******** length     0 section .text *** removed ***
start ******** end ******** length     0 section .text *** removed ***
start ******** end ******** length     0 section .text *** removed ***
start ******** end ******** length     0 section .text *** removed ***
start ******** end ******** length     0 section .text *** removed ***
start ******** end ******** length     0 section .text *** removed ***
start ******** end ******** length     0 section .text *** removed ***
start ******** end ******** length     0 section .text *** removed ***
start ******** end ******** length     0 section .text *** removed ***
start ******** end ******** length     0 section .text *** removed ***
start ******** end ******** length     0 section .text *** removed ***
start ******** end ******** length     0 section .text *** removed ***
start ******** end ******** length     0 section .text *** removed ***
start ******** end ******** length     0 section .text *** removed ***
start ******** end ******** length     0 section .text *** removed ***
start ******** end ******** length     0 section .text *** removed ***
start ******** end ******** length     0 section .text *** removed ***
start ******** end ******** length     0 section .text *** removed ***
start ******** end ******** length     0 section .text *** removed ***
start ******** end ******** length     0 section .text *** removed ***
start ******** end ******** length     0 section .text *** removed ***
start ******** end ******** length     0 section .text *** removed ***
start ******** end ******** length     0 section .text *** removed ***
start ******** end ******** length     0 section .text *** removed ***
start ******** end ******** length     0 section .text *** removed ***
start ******** end ******** length     0 section .text *** removed ***
start ******** end ******** length     0 section .text *** removed ***
start ******** end ******** length     0 section .text *** removed ***
start ******** end ******** length     0 section .text *** removed ***
start ******** end ******** length     0 section .text *** removed ***
start ******** end ******** length     0 section .text *** removed ***
start ******** end ******** length     0 section .text *** removed ***
start ******** end ******** length     0 section .text *** removed ***
start ******** end ******** length     0 section .text *** removed ***
start ******** end ******** length     0 section .text *** removed ***
start ******** end ******** length     0 section .text *** removed ***
start ******** end ******** length     0 section .text *** removed ***
start ******** end ******** length     0 section .text *** removed ***
start ******** end ******** length     0 section .text *** removed ***
start ******** end ******** length     0 section .text *** removed ***
start ******** end ******** length     0 section .text *** removed ***
start ******** end ******** length     0 section .text *** removed ***
start ******** end ******** length     0 section .text *** removed ***
start ******** end ******** length     0 section .text *** removed ***
start ******** end ******** length     0 section .text *** removed ***
start ******** end ******** length     0 section .text *** removed ***
start ******** end ******** length     0 section .text *** removed ***
start ******** end ******** length     0 section .text *** removed ***
start ******** end ******** length     0 section .text *** removed ***
start ******** end ******** length     0 section .text *** removed ***
start ******** end ******** length     0 section .text *** removed ***

Debug\stm8l15x_tim1.o:
start 000079db end 0000c6f1 length 19734 section .debug
start 000001ce end 00000258 length   138 section .info.
start 00008d6d end 00008e06 length   153 section .text
start 00008e06 end 00008e2a length    36 section .text
start 00008e2a end 00008e87 length    93 section .text
start ******** end ******** length     0 section .text *** removed ***
start ******** end ******** length     0 section .text *** removed ***
start ******** end ******** length     0 section .text *** removed ***
start ******** end ******** length     0 section .text *** removed ***
start ******** end ******** length     0 section .text *** removed ***
start 00008e87 end 00008e94 length    13 section .text
start ******** end ******** length     0 section .text *** removed ***
start 00008e94 end 00008eaa length    22 section .text
start ******** end ******** length     0 section .text *** removed ***
start ******** end ******** length     0 section .text *** removed ***
start ******** end ******** length     0 section .text *** removed ***
start ******** end ******** length     0 section .text *** removed ***
start ******** end ******** length     0 section .text *** removed ***
start ******** end ******** length     0 section .text *** removed ***
start ******** end ******** length     0 section .text *** removed ***
start ******** end ******** length     0 section .text *** removed ***
start ******** end ******** length     0 section .text *** removed ***
start ******** end ******** length     0 section .text *** removed ***
start ******** end ******** length     0 section .text *** removed ***
start ******** end ******** length     0 section .text *** removed ***
start 00008eaa end 00008eb7 length    13 section .text
start ******** end ******** length     0 section .text *** removed ***
start ******** end ******** length     0 section .text *** removed ***
start ******** end ******** length     0 section .text *** removed ***
start ******** end ******** length     0 section .text *** removed ***
start ******** end ******** length     0 section .text *** removed ***
start ******** end ******** length     0 section .text *** removed ***
start ******** end ******** length     0 section .text *** removed ***
start ******** end ******** length     0 section .text *** removed ***
start ******** end ******** length     0 section .text *** removed ***
start ******** end ******** length     0 section .text *** removed ***
start ******** end ******** length     0 section .text *** removed ***
start ******** end ******** length     0 section .text *** removed ***
start ******** end ******** length     0 section .text *** removed ***
start ******** end ******** length     0 section .text *** removed ***
start ******** end ******** length     0 section .text *** removed ***
start ******** end ******** length     0 section .text *** removed ***
start ******** end ******** length     0 section .text *** removed ***
start ******** end ******** length     0 section .text *** removed ***
start ******** end ******** length     0 section .text *** removed ***
start ******** end ******** length     0 section .text *** removed ***
start ******** end ******** length     0 section .text *** removed ***
start ******** end ******** length     0 section .text *** removed ***
start ******** end ******** length     0 section .text *** removed ***
start ******** end ******** length     0 section .text *** removed ***
start ******** end ******** length     0 section .text *** removed ***
start ******** end ******** length     0 section .text *** removed ***
start ******** end ******** length     0 section .text *** removed ***
start ******** end ******** length     0 section .text *** removed ***
start ******** end ******** length     0 section .text *** removed ***
start ******** end ******** length     0 section .text *** removed ***
start ******** end ******** length     0 section .text *** removed ***
start ******** end ******** length     0 section .text *** removed ***
start ******** end ******** length     0 section .text *** removed ***
start ******** end ******** length     0 section .text *** removed ***
start ******** end ******** length     0 section .text *** removed ***
start ******** end ******** length     0 section .text *** removed ***
start ******** end ******** length     0 section .text *** removed ***
start ******** end ******** length     0 section .text *** removed ***
start ******** end ******** length     0 section .text *** removed ***
start ******** end ******** length     0 section .text *** removed ***
start ******** end ******** length     0 section .text *** removed ***
start ******** end ******** length     0 section .text *** removed ***
start ******** end ******** length     0 section .text *** removed ***
start ******** end ******** length     0 section .text *** removed ***
start ******** end ******** length     0 section .text *** removed ***
start ******** end ******** length     0 section .text *** removed ***
start ******** end ******** length     0 section .text *** removed ***
start ******** end ******** length     0 section .text *** removed ***
start ******** end ******** length     0 section .text *** removed ***
start ******** end ******** length     0 section .text *** removed ***
start ******** end ******** length     0 section .text *** removed ***
start ******** end ******** length     0 section .text *** removed ***
start ******** end ******** length     0 section .text *** removed ***
start 00008eb7 end 00008ebc length     5 section .text
start ******** end ******** length     0 section .text *** removed ***
start ******** end ******** length     0 section .text *** removed ***
start ******** end ******** length     0 section .text *** removed ***
start ******** end ******** length     0 section .text *** removed ***

Debug\stm8l15x_adc.o:
start 0000c6f1 end 0000e62b length  7994 section .debug
start 00000258 end 000002e1 length   137 section .info.
start 00008ebc end 00008ee4 length    40 section .text
start 00008ee4 end 00008efd length    25 section .text
start 00008efd end 00008f29 length    44 section .text
start 00008f29 end 00008f3b length    18 section .text
start 00008f3b end 00008f4e length    19 section .text
start 00008f4e end 00008f63 length    21 section .text
start ******** end ******** length     0 section .text *** removed ***
start 00008f63 end 00008f70 length    13 section .text
start 00008f70 end 00008f75 length     5 section .text
start ******** end ******** length     0 section .text *** removed ***
start 00008f75 end 00008fa1 length    44 section .text
start 00008fa1 end 00008fb2 length    17 section .text
start ******** end ******** length     0 section .text *** removed ***
start ******** end ******** length     0 section .text *** removed ***
start ******** end ******** length     0 section .text *** removed ***
start ******** end ******** length     0 section .text *** removed ***
start ******** end ******** length     0 section .text *** removed ***
start ******** end ******** length     0 section .text *** removed ***
start ******** end ******** length     0 section .text *** removed ***
start 00008fb2 end 00008fd1 length    31 section .text

Debug\stm8l15x_gpio.o:
start 0000e62b end 0000f16c length  2881 section .debug
start 000002e1 end 0000036b length   138 section .info.
start ******** end ******** length     0 section .text *** removed ***
start 00008fd1 end 00009026 length    85 section .text
start ******** end ******** length     0 section .text *** removed ***
start ******** end ******** length     0 section .text *** removed ***
start 00009026 end 0000902d length     7 section .text
start 0000902d end 00009035 length     8 section .text
start ******** end ******** length     0 section .text *** removed ***
start ******** end ******** length     0 section .text *** removed ***
start ******** end ******** length     0 section .text *** removed ***
start ******** end ******** length     0 section .text *** removed ***
start ******** end ******** length     0 section .text *** removed ***
start ******** end ******** length     0 section .text *** removed ***

Debug\stm8l15x_clk.o:
start 0000f16c end 00010b4b length  6623 section .debug
start 0000036b end 000003f4 length   137 section .info.
start ******** end ******** length     0 section .const *** removed ***
start ******** end ******** length     0 section .text *** removed ***
start ******** end ******** length     0 section .text *** removed ***
start ******** end ******** length     0 section .text *** removed ***
start ******** end ******** length     0 section .text *** removed ***
start ******** end ******** length     0 section .text *** removed ***
start ******** end ******** length     0 section .text *** removed ***
start ******** end ******** length     0 section .text *** removed ***
start 00009035 end 00009039 length     4 section .text
start ******** end ******** length     0 section .text *** removed ***
start ******** end ******** length     0 section .text *** removed ***
start ******** end ******** length     0 section .text *** removed ***
start ******** end ******** length     0 section .text *** removed ***
start ******** end ******** length     0 section .text *** removed ***
start ******** end ******** length     0 section .text *** removed ***
start ******** end ******** length     0 section .text *** removed ***
start 00009039 end 00009042 length     9 section .text
start ******** end ******** length     0 section .text *** removed ***
start 00009042 end 000090e3 length   161 section .text
start ******** end ******** length     0 section .text *** removed ***
start ******** end ******** length     0 section .text *** removed ***
start ******** end ******** length     0 section .text *** removed ***
start ******** end ******** length     0 section .text *** removed ***
start ******** end ******** length     0 section .text *** removed ***
start ******** end ******** length     0 section .text *** removed ***
start ******** end ******** length     0 section .text *** removed ***
start ******** end ******** length     0 section .text *** removed ***

Debug\stm8l15x_lcd.o:
start 00010b4b end 00012352 length  6151 section .debug
start 000003f4 end 0000047d length   137 section .info.
start ******** end ******** length     0 section .text *** removed ***
start 000090e3 end 00009160 length   125 section .text
start 00009160 end 0000916d length    13 section .text
start ******** end ******** length     0 section .text *** removed ***
start ******** end ******** length     0 section .text *** removed ***
start 0000916d end 00009180 length    19 section .text
start 00009180 end 00009193 length    19 section .text
start ******** end ******** length     0 section .text *** removed ***
start 00009193 end 000091a6 length    19 section .text
start 000091a6 end 000091b1 length    11 section .text
start ******** end ******** length     0 section .text *** removed ***
start ******** end ******** length     0 section .text *** removed ***
start ******** end ******** length     0 section .text *** removed ***
start ******** end ******** length     0 section .text *** removed ***
start ******** end ******** length     0 section .text *** removed ***
start ******** end ******** length     0 section .text *** removed ***

Debug\delay.o:
start 00012352 end 0001247f length   301 section .debug
start 0000047d end 000004ff length   130 section .info.
start ******** end ******** length     0 section .text *** removed ***
start ******** end ******** length     0 section .text *** removed ***

Debug\stm8l15x_it.o:
start 00000000 end 00000032 length    50 section .bsct
start 0001247f end 00013394 length  3861 section .debug
start 000004ff end 00000587 length   136 section .info.
start 000091b1 end 000091b3 length     2 section .text
start 000091b3 end 000091b5 length     2 section .text
start 000091b5 end 000091b7 length     2 section .text
start 000091b7 end 000091b9 length     2 section .text
start 000091b9 end 000091bb length     2 section .text
start 000091bb end 000091bd length     2 section .text
start 000091bd end 000091bf length     2 section .text
start 000091bf end 000091c1 length     2 section .text
start 000091c1 end 000091c3 length     2 section .text
start 000091c3 end 000091c5 length     2 section .text
start 000091c5 end 000091c7 length     2 section .text
start 000091c7 end 000091c9 length     2 section .text
start 000091c9 end 000091cb length     2 section .text
start 000091cb end 000091cd length     2 section .text
start 000091cd end 000091cf length     2 section .text
start 000091cf end 000091d1 length     2 section .text
start 000091d1 end 000091d3 length     2 section .text
start 000091d3 end 000091d5 length     2 section .text
start 000091d5 end 000091d7 length     2 section .text
start 000091d7 end 000092f6 length   287 section .text
start 000092f6 end 000092f8 length     2 section .text
start 000092f8 end 000092fa length     2 section .text
start 000092fa end 00009448 length   334 section .text
start 00009448 end 0000944a length     2 section .text
start 0000944a end 00009474 length    42 section .text
start 00009474 end 000094a1 length    45 section .text
start 000094a1 end 000094a3 length     2 section .text
start 000094a3 end 000094a5 length     2 section .text
start 000094a5 end 000094a7 length     2 section .text
start 000094a7 end 000094a9 length     2 section .text
start 000094a9 end 000094ab length     2 section .text

Debug\main.o:
start 00000032 end 0000004e length    28 section .bsct
start 00000051 end 00000058 length     7 section .ubsct
start 00013394 end 00013d33 length  2463 section .debug
start 00000587 end 00000608 length   129 section .info.
start 00008080 end 00008b95 length  2837 section .const
start 000094ab end 00009cf5 length  2122 section .text
start 00009cf5 end 00009d82 length   141 section .text

Debug\stm8l_discovery_lcd.o:
start 0000004e end 00000051 length     3 section .bsct
start 00013d33 end 00014481 length  1870 section .debug
start 00000608 end 00000698 length   144 section .info.
start 00008b95 end 00008bfe length   105 section .const
start 00009d82 end 00009dc7 length    69 section .text
start ******** end ******** length     0 section .text *** removed ***
start 00009dc7 end 00009dec length    37 section .text
start 00009dec end 00009eb3 length   199 section .text
start 00009eb3 end 0000a2b4 length  1025 section .text
start 0000a2b4 end 0000a2e0 length    44 section .text
start 0000a2e0 end 0000a2f4 length    20 section .text
start ******** end ******** length     0 section .text *** removed ***

(d:\Program Files (x86)\COSMIC\CXSTM8_32K\Lib\libm0.sm8)idiv.o:
start ******** end ******** length     0 section .text *** removed ***
start 00000698 end 000006c7 length    47 section .info.

(d:\Program Files (x86)\COSMIC\CXSTM8_32K\Lib\libm0.sm8)lgursh.o:
start 0000a2f4 end 0000a302 length    14 section .text
start 000006c7 end 000006f8 length    49 section .info.

(d:\Program Files (x86)\COSMIC\CXSTM8_32K\Lib\libm0.sm8)lreg.o:
start 00000058 end 0000005c length     4 section .ubsct
start 000006f8 end 00000727 length    47 section .info.

(d:\Program Files (x86)\COSMIC\CXSTM8_32K\Lib\libm0.sm8)ltor.o:
start 0000a302 end 0000a314 length    18 section .text
start 00000727 end 00000756 length    47 section .info.

(d:\Program Files (x86)\COSMIC\CXSTM8_32K\Lib\libm0.sm8)ludiv.o:
start 0000a314 end 0000a328 length    20 section .text
start 00000756 end 00000786 length    48 section .info.

(d:\Program Files (x86)\COSMIC\CXSTM8_32K\Lib\libm0.sm8)ldiv.o:
start 0000a328 end 0000a413 length   235 section .text
start 00000786 end 000007b5 length    47 section .info.

(d:\Program Files (x86)\COSMIC\CXSTM8_32K\Lib\libm0.sm8)lgneg.o:
start 0000a413 end 0000a426 length    19 section .text
start 000007b5 end 000007e5 length    48 section .info.

(d:\Program Files (x86)\COSMIC\CXSTM8_32K\Lib\libm0.sm8)lneg.o:
start 0000a426 end 0000a43b length    21 section .text
start 000007e5 end 00000814 length    47 section .info.

(d:\Program Files (x86)\COSMIC\CXSTM8_32K\Lib\libm0.sm8)lursh.o:
start 0000a43b end 0000a44a length    15 section .text
start 00000814 end 00000844 length    48 section .info.

(d:\Program Files (x86)\COSMIC\CXSTM8_32K\Lib\libm0.sm8)rtol.o:
start 0000a44a end 0000a45c length    18 section .text
start 00000844 end 00000873 length    47 section .info.

(d:\Program Files (x86)\COSMIC\CXSTM8_32K\Lib\libm0.sm8)utolx.o:
start 0000a45c end 0000a463 length     7 section .text
start 00000873 end 000008a3 length    48 section .info.

(d:\Program Files (x86)\COSMIC\CXSTM8_32K\Lib\libm0.sm8)umul.o:
start 0000a463 end 0000a49f length    60 section .text
start 000008a3 end 000008d2 length    47 section .info.

(d:\Program Files (x86)\COSMIC\CXSTM8_32K\Lib\libm0.sm8)xreg.o:
start 0000005c end 0000005f length     3 section .ubsct
start 000008d2 end 00000901 length    47 section .info.

(d:\Program Files (x86)\COSMIC\CXSTM8_32K\Lib\libm0.sm8)xymvx.o:
start ******** end ******** length     0 section .text *** removed ***
start 00000901 end 00000931 length    48 section .info.

(d:\Program Files (x86)\COSMIC\CXSTM8_32K\Lib\libm0.sm8)yreg.o:
start 0000005f end 00000062 length     3 section .ubsct
start 00000931 end 00000960 length    47 section .info.

Debug\stm8_interrupt_vector.o:
start 00014481 end 000145a7 length   294 section .debug
start 00000960 end 000009f2 length   146 section .info.
start 00008000 end 00008080 length   128 section .const


                             -----------
                             Stack usage
                             -----------

Debug\main.o:
_DMA_ReInit                             2   (2)
_main                              >   45   (17)

Debug\stm8l15x_adc.o:
_ADC_ChannelCmd                         8   (8)
_ADC_ClearITPendingBit                  7   (7)
_ADC_Cmd                                5   (5)
_ADC_DMACmd                             5   (5)
_ADC_DeInit                             2   (2)
_ADC_ExternalTrigConfig                 6   (6)
_ADC_ITConfig                           6   (6)
_ADC_Init                               7   (7)
_ADC_SchmittTriggerConfig               8   (8)
_ADC_SoftwareStartConv                  2   (2)
_ADC_VrefintCmd                         2   (2)

Debug\stm8l15x_clk.o:
_CLK_PeripheralClockConfig              5   (5)
_CLK_RTCClockConfig                     4   (4)
_CLK_SYSCLKDivConfig                    2   (2)

Debug\stm8l15x_gpio.o:
_GPIO_Init                              6   (6)
_GPIO_ResetBits                         5   (5)
_GPIO_SetBits                           5   (5)

Debug\stm8l15x_it.o:
f_ADC1_COMP_IRQHandler             >   20   (12)
f_DMA1_CHANNEL0_1_IRQHandler       >    6   (6)
f_DMA1_CHANNEL2_3_IRQHandler       >    6   (6)
f_EXTI0_IRQHandler                 >    6   (6)
f_EXTI1_IRQHandler                 >    6   (6)
f_EXTI2_IRQHandler                 >    6   (6)
f_EXTI3_IRQHandler                 >    6   (6)
f_EXTI4_IRQHandler                 >    6   (6)
f_EXTI5_IRQHandler                 >    6   (6)
f_EXTI6_IRQHandler                 >    6   (6)
f_EXTI7_IRQHandler                 >    6   (6)
f_EXTIB_IRQHandler                 >    6   (6)
f_EXTID_IRQHandler                 >    6   (6)
f_EXTIE_F_PVD_IRQHandler           >    6   (6)
f_FLASH_IRQHandler                 >    6   (6)
f_I2C1_IRQHandler                  >    6   (6)
f_LCD_IRQHandler                   >    6   (6)
f_NonHandledInterrupt              >    6   (6)
f_RTC_IRQHandler                   >    6   (6)
f_SPI1_IRQHandler                  >    6   (6)
f_SWITCH_CSS_BREAK_DAC_IRQHandler  >    6   (6)
f_TIM1_CAP_IRQHandler              >   17   (12)
f_TIM1_UPD_OVF_TRG_COM_IRQHandler  >   14   (12)
f_TIM2_CAP_IRQHandler              >    6   (6)
f_TIM2_UPD_OVF_TRG_BRK_IRQHandler  >    6   (6)
f_TIM3_CAP_IRQHandler              >    6   (6)
f_TIM3_UPD_OVF_TRG_BRK_IRQHandler  >   14   (12)
f_TIM4_UPD_OVF_TRG_IRQHandler      >    6   (6)
f_TRAP_IRQHandler                  >    6   (6)
f_USART1_RX_IRQHandler             >    6   (6)
f_USART1_TX_IRQHandler             >    6   (6)

Debug\stm8l15x_lcd.o:
_LCD_Cmd                                2   (2)
_LCD_ContrastConfig                     3   (3)
_LCD_DeadTimeConfig                     3   (3)
_LCD_Init                               7   (7)
_LCD_PortMaskConfig                     4   (4)
_LCD_PulseOnDurationConfig              3   (3)

Debug\stm8l15x_tim1.o:
_TIM1_ClearITPendingBit                 2   (2)
_TIM1_Cmd                               2   (2)
_TIM1_DeInit                            2   (2)
_TIM1_ITConfig                          4   (4)
_TIM1_OC1Init                          14   (14)
_TIM1_SelectOutputTrigger               3   (3)
_TIM1_TimeBaseInit                      8   (8)

Debug\stm8l15x_tim3.o:
_TIM3_ClearITPendingBit                 2   (2)
_TIM3_Cmd                               2   (2)
_TIM3_DeInit                            2   (2)
_TIM3_ITConfig                          4   (4)
_TIM3_TimeBaseInit                      6   (6)

Debug\stm8l15x_tim4.o:
_TIM4_Cmd                               2   (2)
_TIM4_TimeBaseInit                      2   (2)

Debug\stm8l_discovery_lcd.o:
L3_LCD_Conv_Char_Seg                   12   (12)
_LCD_GLASS_Clear                        3   (3)
_LCD_GLASS_DisplayString               28   (5)
_LCD_GLASS_Init                         9   (2)
_LCD_GLASS_WriteChar                   23   (11)
_LCD_bar                                2   (2)

Stack size: 65


                              ---------
                              Call tree
                              ---------
   1 > __stext: (0)

   2 > _main: (17)
   3      + _ADC_ChannelCmd: (8)
   4      + _ADC_DMACmd: (5)
   5      + _ADC_DeInit: (2)
   6      + _ADC_ExternalTrigConfig: (6)
   7      + _ADC_ITConfig: (6)
   8      + _ADC_Init: (7)
   9      + _ADC_SchmittTriggerConfig: (8)
  10      + _ADC_VrefintCmd: (2)
  11      + _CLK_PeripheralClockConfig: (5)
  12      + _CLK_SYSCLKDivConfig: (2)
  13      + _DMA_ReInit: (2)
  14      + _GPIO_Init: (6)
  15      + _GPIO_ResetBits: (5)
  16      + _GPIO_SetBits: (5)
  17      + _LCD_ContrastConfig: (3)
  18      + _LCD_GLASS_Clear: (3)
  19      + _LCD_GLASS_DisplayString: (5)
  20      |    + _LCD_GLASS_Clear --> 18
  21      |    + _LCD_GLASS_WriteChar: (11)
  22      |    |    + L3_LCD_Conv_Char_Seg: (12)
  23      |    |    + _LCD_bar: (2)
          |    | 
          | 
  24      + _LCD_GLASS_Init: (2)
  25      |    + _CLK_PeripheralClockConfig --> 11
  26      |    + _CLK_RTCClockConfig: (4)
  27      |    + _LCD_Cmd: (2)
  28      |    + _LCD_ContrastConfig --> 17
  29      |    + _LCD_DeadTimeConfig: (3)
  30      |    + _LCD_Init: (7)
  31      |    + _LCD_PortMaskConfig: (4)
  32      |    + _LCD_PulseOnDurationConfig: (3)
          | 
  33      + _LCD_GLASS_WriteChar --> 21
  34      + _TIM1_Cmd: (2)
  35      + _TIM1_DeInit: (2)
  36      + _TIM1_ITConfig: (4)
  37      + _TIM1_OC1Init: (14)
  38      + _TIM1_SelectOutputTrigger: (3)
  39      + _TIM1_TimeBaseInit: (8)
  40      + _TIM3_Cmd: (2)
  41      + _TIM3_DeInit: (2)
  42      + _TIM3_ITConfig: (4)
  43      + _TIM3_TimeBaseInit: (6)
  44      + _TIM4_Cmd: (2)
  45      + _TIM4_TimeBaseInit: (2)
       
  46 > f_ADC1_COMP_IRQHandler: (12)
  47      + _ADC_ChannelCmd --> 3
  48      + _ADC_ClearITPendingBit: (7)
       
  49 > f_DMA1_CHANNEL0_1_IRQHandler: (6)

  50 > f_DMA1_CHANNEL2_3_IRQHandler: (6)

  51 > f_EXTI0_IRQHandler: (6)

  52 > f_EXTI1_IRQHandler: (6)

  53 > f_EXTI2_IRQHandler: (6)

  54 > f_EXTI3_IRQHandler: (6)

  55 > f_EXTI4_IRQHandler: (6)

  56 > f_EXTI5_IRQHandler: (6)

  57 > f_EXTI6_IRQHandler: (6)

  58 > f_EXTI7_IRQHandler: (6)

  59 > f_EXTIB_IRQHandler: (6)

  60 > f_EXTID_IRQHandler: (6)

  61 > f_EXTIE_F_PVD_IRQHandler: (6)

  62 > f_FLASH_IRQHandler: (6)

  63 > f_I2C1_IRQHandler: (6)

  64 > f_LCD_IRQHandler: (6)

  65 > f_NonHandledInterrupt: (6)

  66 > f_RTC_IRQHandler: (6)

  67 > f_SPI1_IRQHandler: (6)

  68 > f_SWITCH_CSS_BREAK_DAC_IRQHandler: (6)

  69 > f_TIM1_CAP_IRQHandler: (12)
  70      + _ADC_Cmd: (5)
  71      + _TIM1_ClearITPendingBit: (2)
       
  72 > f_TIM1_UPD_OVF_TRG_COM_IRQHandler: (12)
  73      + _ADC_SoftwareStartConv: (2)
  74      + _TIM1_ClearITPendingBit --> 71
       
  75 > f_TIM2_CAP_IRQHandler: (6)

  76 > f_TIM2_UPD_OVF_TRG_BRK_IRQHandler: (6)

  77 > f_TIM3_CAP_IRQHandler: (6)

  78 > f_TIM3_UPD_OVF_TRG_BRK_IRQHandler: (12)
  79      + _TIM3_ClearITPendingBit: (2)
       
  80 > f_TIM4_UPD_OVF_TRG_IRQHandler: (6)

  81 > f_TRAP_IRQHandler: (6)

  82 > f_USART1_RX_IRQHandler: (6)

  83 > f_USART1_TX_IRQHandler: (6)

  84   L3_LCD_Conv_Char_Seg --> 22

  85   _ADC_ChannelCmd --> 3

  86   _ADC_ClearITPendingBit --> 48

  87   _ADC_Cmd --> 70

  88   _ADC_DMACmd --> 4

  89   _ADC_DeInit --> 5

  90   _ADC_ExternalTrigConfig --> 6

  91   _ADC_ITConfig --> 7

  92   _ADC_Init --> 8

  93   _ADC_SchmittTriggerConfig --> 9

  94   _ADC_SoftwareStartConv --> 73

  95   _ADC_VrefintCmd --> 10

  96   _CLK_PeripheralClockConfig --> 11

  97   _CLK_RTCClockConfig --> 26

  98   _CLK_SYSCLKDivConfig --> 12

  99   _DMA_ReInit --> 13

 100   _GPIO_Init --> 14

 101   _GPIO_ResetBits --> 15

 102   _GPIO_SetBits --> 16

 103   _LCD_Cmd --> 27

 104   _LCD_ContrastConfig --> 17

 105   _LCD_DeadTimeConfig --> 29

 106   _LCD_GLASS_Clear --> 18

 107   _LCD_GLASS_DisplayString --> 19

 108   _LCD_GLASS_Init --> 24

 109   _LCD_GLASS_WriteChar --> 21

 110   _LCD_Init --> 30

 111   _LCD_PortMaskConfig --> 31

 112   _LCD_PulseOnDurationConfig --> 32

 113   _LCD_bar --> 23

 114   _TIM1_ClearITPendingBit --> 71

 115   _TIM1_Cmd --> 34

 116   _TIM1_DeInit --> 35

 117   _TIM1_ITConfig --> 36

 118   _TIM1_OC1Init --> 37

 119   _TIM1_SelectOutputTrigger --> 38

 120   _TIM1_TimeBaseInit --> 39

 121   _TIM3_ClearITPendingBit --> 79

 122   _TIM3_Cmd --> 40

 123   _TIM3_DeInit --> 41

 124   _TIM3_ITConfig --> 42

 125   _TIM3_TimeBaseInit --> 43

 126   _TIM4_Cmd --> 44

 127   _TIM4_TimeBaseInit --> 45



                               -------
                               Symbols
                               -------

_ADC_AnalogWatchdogChannelSelect      ********   *** removed from Debug\stm8l15x_adc.o ***
_ADC_AnalogWatchdogConfig             ********   *** removed from Debug\stm8l15x_adc.o ***
_ADC_AnalogWatchdogThresholdsConfig   ********   *** removed from Debug\stm8l15x_adc.o ***
_ADC_ChannelCmd                       00008efd   defined in Debug\stm8l15x_adc.o section .text
                                                 used in Debug\stm8l15x_it.o
                                                         Debug\main.o
_ADC_ClearFlag                        ********   *** removed from Debug\stm8l15x_adc.o ***
_ADC_ClearITPendingBit                00008fb2   defined in Debug\stm8l15x_adc.o section .text
                                                 used in Debug\stm8l15x_it.o
_ADC_Cmd                              00008f29   defined in Debug\stm8l15x_adc.o section .text
                                                 used in Debug\stm8l15x_it.o
_ADC_DMACmd                           00008f4e   defined in Debug\stm8l15x_adc.o section .text
                                                 used in Debug\main.o
_ADC_DeInit                           00008ebc   defined in Debug\stm8l15x_adc.o section .text
                                                 used in Debug\main.o
_ADC_ExternalTrigConfig               00008fa1   defined in Debug\stm8l15x_adc.o section .text
                                                 used in Debug\main.o
_ADC_GetConversionValue               ********   *** removed from Debug\stm8l15x_adc.o ***
_ADC_GetFlagStatus                    ********   *** removed from Debug\stm8l15x_adc.o ***
_ADC_GetITStatus                      ********   *** removed from Debug\stm8l15x_adc.o ***
_ADC_ITConfig                         00008f3b   defined in Debug\stm8l15x_adc.o section .text
                                                 used in Debug\main.o
_ADC_Init                             00008ee4   defined in Debug\stm8l15x_adc.o section .text
                                                 used in Debug\main.o
_ADC_SamplingTimeConfig               ********   *** removed from Debug\stm8l15x_adc.o ***
_ADC_SchmittTriggerConfig             00008f75   defined in Debug\stm8l15x_adc.o section .text
                                                 used in Debug\main.o
_ADC_SoftwareStartConv                00008f70   defined in Debug\stm8l15x_adc.o section .text
                                                 used in Debug\stm8l15x_it.o
_ADC_TempSensorCmd                    ********   *** removed from Debug\stm8l15x_adc.o ***
_ADC_VrefintCmd                       00008f63   defined in Debug\stm8l15x_adc.o section .text
                                                 used in Debug\main.o
_ADSampRdy                            00000005   defined in Debug\stm8l15x_it.o section .bsct, initialized
                                                 used in Debug\main.o
_ARRTab                               000089a5   defined in Debug\main.o section .const
_CLK_AdjustHSICalibrationValue        ********   *** removed from Debug\stm8l15x_clk.o ***
_CLK_BEEPClockConfig                  ********   *** removed from Debug\stm8l15x_clk.o ***
_CLK_CCOConfig                        ********   *** removed from Debug\stm8l15x_clk.o ***
_CLK_ClearFlag                        ********   *** removed from Debug\stm8l15x_clk.o ***
_CLK_ClearITPendingBit                ********   *** removed from Debug\stm8l15x_clk.o ***
_CLK_ClockSecuritySystemEnable        ********   *** removed from Debug\stm8l15x_clk.o ***
_CLK_ClockSecuritySytemDeglitchCmd    ********   *** removed from Debug\stm8l15x_clk.o ***
_CLK_DeInit                           ********   *** removed from Debug\stm8l15x_clk.o ***
_CLK_GetClockFreq                     ********   *** removed from Debug\stm8l15x_clk.o ***
_CLK_GetFlagStatus                    ********   *** removed from Debug\stm8l15x_clk.o ***
_CLK_GetITStatus                      ********   *** removed from Debug\stm8l15x_clk.o ***
_CLK_GetSYSCLKSource                  ********   *** removed from Debug\stm8l15x_clk.o ***
_CLK_HSEConfig                        ********   *** removed from Debug\stm8l15x_clk.o ***
_CLK_HSICmd                           ********   *** removed from Debug\stm8l15x_clk.o ***
_CLK_HaltConfig                       ********   *** removed from Debug\stm8l15x_clk.o ***
_CLK_ITConfig                         ********   *** removed from Debug\stm8l15x_clk.o ***
_CLK_LSEClockSecuritySystemEnable     ********   *** removed from Debug\stm8l15x_clk.o ***
_CLK_LSEConfig                        ********   *** removed from Debug\stm8l15x_clk.o ***
_CLK_LSICmd                           ********   *** removed from Debug\stm8l15x_clk.o ***
_CLK_MainRegulatorCmd                 ********   *** removed from Debug\stm8l15x_clk.o ***
_CLK_PeripheralClockConfig            00009042   defined in Debug\stm8l15x_clk.o section .text
                                                 used in Debug\delay.o
                                                         Debug\main.o
                                                         Debug\stm8l_discovery_lcd.o
_CLK_RTCCLKSwitchOnLSEFailureEnable   ********   *** removed from Debug\stm8l15x_clk.o ***
_CLK_RTCClockConfig                   00009039   defined in Debug\stm8l15x_clk.o section .text
                                                 used in Debug\stm8l_discovery_lcd.o
_CLK_SYSCLKDivConfig                  00009035   defined in Debug\stm8l15x_clk.o section .text
                                                 used in Debug\main.o
_CLK_SYSCLKSourceConfig               ********   *** removed from Debug\stm8l15x_clk.o ***
_CLK_SYSCLKSourceSwitchCmd            ********   *** removed from Debug\stm8l15x_clk.o ***
_CapLetterMap                         00008b95   defined in Debug\stm8l_discovery_lcd.o section .const
_DMA_ReInit                           00009cf5   defined in Debug\main.o section .text
_ExtVoltage                           0000004c   defined in Debug\main.o section .bsct, initialized
_FreqTab                              00008a81   defined in Debug\main.o section .const
_GPIO_DeInit                          ********   *** removed from Debug\stm8l15x_gpio.o ***
_GPIO_ExternalPullUpConfig            ********   *** removed from Debug\stm8l15x_gpio.o ***
_GPIO_Init                            00008fd1   defined in Debug\stm8l15x_gpio.o section .text
                                                 used in Debug\main.o
_GPIO_ReadInputData                   ********   *** removed from Debug\stm8l15x_gpio.o ***
_GPIO_ReadInputDataBit                ********   *** removed from Debug\stm8l15x_gpio.o ***
_GPIO_ReadOutputData                  ********   *** removed from Debug\stm8l15x_gpio.o ***
_GPIO_ReadOutputDataBit               ********   *** removed from Debug\stm8l15x_gpio.o ***
_GPIO_ResetBits                       0000902d   defined in Debug\stm8l15x_gpio.o section .text
                                                 used in Debug\main.o
_GPIO_SetBits                         00009026   defined in Debug\stm8l15x_gpio.o section .text
                                                 used in Debug\main.o
_GPIO_ToggleBits                      ********   *** removed from Debug\stm8l15x_gpio.o ***
_GPIO_Write                           ********   *** removed from Debug\stm8l15x_gpio.o ***
_GPIO_WriteBit                        ********   *** removed from Debug\stm8l15x_gpio.o ***
_GenSignal                            00000048   defined in Debug\main.o section .bsct, initialized
_GenSignal_old                        0000004a   defined in Debug\main.o section .bsct, initialized
_IntREF_const                         00008b5d   defined in Debug\main.o section .const
_KeyPressed                           0000004e   defined in Debug\stm8l_discovery_lcd.o section .bsct, initialized
_LCD_BlinkConfig                      ********   *** removed from Debug\stm8l15x_lcd.o ***
_LCD_ClearFlag                        ********   *** removed from Debug\stm8l15x_lcd.o ***
_LCD_ClearITPendingBit                ********   *** removed from Debug\stm8l15x_lcd.o ***
_LCD_Cmd                              00009160   defined in Debug\stm8l15x_lcd.o section .text
                                                 used in Debug\stm8l_discovery_lcd.o
_LCD_ContrastConfig                   00009193   defined in Debug\stm8l15x_lcd.o section .text
                                                 used in Debug\main.o
                                                         Debug\stm8l_discovery_lcd.o
_LCD_DeInit                           ********   *** removed from Debug\stm8l15x_lcd.o ***
_LCD_DeadTimeConfig                   00009180   defined in Debug\stm8l15x_lcd.o section .text
                                                 used in Debug\stm8l_discovery_lcd.o
_LCD_GLASS_Clear                      0000a2e0   defined in Debug\stm8l_discovery_lcd.o section .text
                                                 used in Debug\main.o
_LCD_GLASS_DisplayString              0000a2b4   defined in Debug\stm8l_discovery_lcd.o section .text
                                                 used in Debug\main.o
_LCD_GLASS_Init                       00009d82   defined in Debug\stm8l_discovery_lcd.o section .text
                                                 used in Debug\main.o
_LCD_GLASS_ScrollSentence             ********   *** removed from Debug\stm8l_discovery_lcd.o ***
_LCD_GLASS_WriteChar                  00009eb3   defined in Debug\stm8l_discovery_lcd.o section .text
                                                 used in Debug\main.o
_LCD_GetFlagStatus                    ********   *** removed from Debug\stm8l15x_lcd.o ***
_LCD_GetITStatus                      ********   *** removed from Debug\stm8l15x_lcd.o ***
_LCD_HighDriveCmd                     ********   *** removed from Debug\stm8l15x_lcd.o ***
_LCD_ITConfig                         ********   *** removed from Debug\stm8l15x_lcd.o ***
_LCD_Init                             000090e3   defined in Debug\stm8l15x_lcd.o section .text
                                                 used in Debug\stm8l_discovery_lcd.o
_LCD_PageSelect                       ********   *** removed from Debug\stm8l15x_lcd.o ***
_LCD_PortMaskConfig                   000091a6   defined in Debug\stm8l15x_lcd.o section .text
                                                 used in Debug\stm8l_discovery_lcd.o
_LCD_PulseOnDurationConfig            0000916d   defined in Debug\stm8l15x_lcd.o section .text
                                                 used in Debug\stm8l_discovery_lcd.o
_LCD_WriteRAM                         ********   *** removed from Debug\stm8l15x_lcd.o ***
_LCD_bar                              00009dc7   defined in Debug\stm8l_discovery_lcd.o section .text
_LCD_contrast                         ********   *** removed from Debug\stm8l_discovery_lcd.o ***
_NumberMap                            00008bc9   defined in Debug\stm8l_discovery_lcd.o section .const
_PSCTab                               000088c9   defined in Debug\main.o section .const
_PWMTabDiv                            00008895   defined in Debug\main.o section .const
_PWMTabSize                           0000888e   defined in Debug\main.o section .const
_PWMTabVal                            0000889c   defined in Debug\main.o section .const
_SYSDivFactor                         ********   *** removed from Debug\stm8l15x_clk.o ***
_SawTooth12bit                        00008490   defined in Debug\main.o section .const
_SawTooth12bit2                       0000879c   defined in Debug\main.o section .const
_SinCard12bit                         00008080   defined in Debug\main.o section .const
_SinCard12bit2                        00008594   defined in Debug\main.o section .const
_Sinus12bit                           00008288   defined in Debug\main.o section .const
_Sinus12bit2                          00008698   defined in Debug\main.o section .const
_Square12bit                          0000838c   defined in Debug\main.o section .const
_Square12bit2                         0000871a   defined in Debug\main.o section .const
_Square12p5percent                    0000881e   defined in Debug\main.o section .const
_Square25percent                      0000882e   defined in Debug\main.o section .const
_Square37p5percent                    0000883e   defined in Debug\main.o section .const
_Square50percent                      0000884e   defined in Debug\main.o section .const
_Square62p5percent                    0000885e   defined in Debug\main.o section .const
_Square75percent                      0000886e   defined in Debug\main.o section .const
_Square87p5percent                    0000887e   defined in Debug\main.o section .const
_TIM1_ARRPreloadConfig                ********   *** removed from Debug\stm8l15x_tim1.o ***
_TIM1_BDTRConfig                      ********   *** removed from Debug\stm8l15x_tim1.o ***
_TIM1_CCPreloadControl                ********   *** removed from Debug\stm8l15x_tim1.o ***
_TIM1_CCxCmd                          ********   *** removed from Debug\stm8l15x_tim1.o ***
_TIM1_CCxNCmd                         ********   *** removed from Debug\stm8l15x_tim1.o ***
_TIM1_ClearFlag                       ********   *** removed from Debug\stm8l15x_tim1.o ***
_TIM1_ClearITPendingBit               00008eb7   defined in Debug\stm8l15x_tim1.o section .text
                                                 used in Debug\stm8l15x_it.o
_TIM1_ClearOC1Ref                     ********   *** removed from Debug\stm8l15x_tim1.o ***
_TIM1_ClearOC2Ref                     ********   *** removed from Debug\stm8l15x_tim1.o ***
_TIM1_ClearOC3Ref                     ********   *** removed from Debug\stm8l15x_tim1.o ***
_TIM1_ClearOC4Ref                     ********   *** removed from Debug\stm8l15x_tim1.o ***
_TIM1_Cmd                             00008e87   defined in Debug\stm8l15x_tim1.o section .text
                                                 used in Debug\main.o
_TIM1_CounterModeConfig               ********   *** removed from Debug\stm8l15x_tim1.o ***
_TIM1_CtrlPWMOutputs                  ********   *** removed from Debug\stm8l15x_tim1.o ***
_TIM1_DMACmd                          ********   *** removed from Debug\stm8l15x_tim1.o ***
_TIM1_DMAConfig                       ********   *** removed from Debug\stm8l15x_tim1.o ***
_TIM1_DeInit                          00008d6d   defined in Debug\stm8l15x_tim1.o section .text
                                                 used in Debug\main.o
_TIM1_ETRClockMode1Config             ********   *** removed from Debug\stm8l15x_tim1.o ***
_TIM1_ETRClockMode2Config             ********   *** removed from Debug\stm8l15x_tim1.o ***
_TIM1_ETRConfig                       ********   *** removed from Debug\stm8l15x_tim1.o ***
_TIM1_EncoderInterfaceConfig          ********   *** removed from Debug\stm8l15x_tim1.o ***
_TIM1_ForcedOC1Config                 ********   *** removed from Debug\stm8l15x_tim1.o ***
_TIM1_ForcedOC2Config                 ********   *** removed from Debug\stm8l15x_tim1.o ***
_TIM1_ForcedOC3Config                 ********   *** removed from Debug\stm8l15x_tim1.o ***
_TIM1_GenerateEvent                   ********   *** removed from Debug\stm8l15x_tim1.o ***
_TIM1_GetCapture1                     ********   *** removed from Debug\stm8l15x_tim1.o ***
_TIM1_GetCapture2                     ********   *** removed from Debug\stm8l15x_tim1.o ***
_TIM1_GetCapture3                     ********   *** removed from Debug\stm8l15x_tim1.o ***
_TIM1_GetCapture4                     ********   *** removed from Debug\stm8l15x_tim1.o ***
_TIM1_GetCounter                      ********   *** removed from Debug\stm8l15x_tim1.o ***
_TIM1_GetFlagStatus                   ********   *** removed from Debug\stm8l15x_tim1.o ***
_TIM1_GetITStatus                     ********   *** removed from Debug\stm8l15x_tim1.o ***
_TIM1_GetPrescaler                    ********   *** removed from Debug\stm8l15x_tim1.o ***
_TIM1_ICInit                          ********   *** removed from Debug\stm8l15x_tim1.o ***
_TIM1_ITConfig                        00008e94   defined in Debug\stm8l15x_tim1.o section .text
                                                 used in Debug\main.o
_TIM1_InternalClockConfig             ********   *** removed from Debug\stm8l15x_tim1.o ***
_TIM1_OC1FastConfig                   ********   *** removed from Debug\stm8l15x_tim1.o ***
_TIM1_OC1Init                         00008e2a   defined in Debug\stm8l15x_tim1.o section .text
                                                 used in Debug\main.o
_TIM1_OC1NPolarityConfig              ********   *** removed from Debug\stm8l15x_tim1.o ***
_TIM1_OC1PolarityConfig               ********   *** removed from Debug\stm8l15x_tim1.o ***
_TIM1_OC1PreloadConfig                ********   *** removed from Debug\stm8l15x_tim1.o ***
_TIM1_OC2FastConfig                   ********   *** removed from Debug\stm8l15x_tim1.o ***
_TIM1_OC2Init                         ********   *** removed from Debug\stm8l15x_tim1.o ***
_TIM1_OC2NPolarityConfig              ********   *** removed from Debug\stm8l15x_tim1.o ***
_TIM1_OC2PolarityConfig               ********   *** removed from Debug\stm8l15x_tim1.o ***
_TIM1_OC2PreloadConfig                ********   *** removed from Debug\stm8l15x_tim1.o ***
_TIM1_OC3FastConfig                   ********   *** removed from Debug\stm8l15x_tim1.o ***
_TIM1_OC3Init                         ********   *** removed from Debug\stm8l15x_tim1.o ***
_TIM1_OC3NPolarityConfig              ********   *** removed from Debug\stm8l15x_tim1.o ***
_TIM1_OC3PolarityConfig               ********   *** removed from Debug\stm8l15x_tim1.o ***
_TIM1_OC3PreloadConfig                ********   *** removed from Debug\stm8l15x_tim1.o ***
_TIM1_OC4PreloadConfig                ********   *** removed from Debug\stm8l15x_tim1.o ***
_TIM1_PWMIConfig                      ********   *** removed from Debug\stm8l15x_tim1.o ***
_TIM1_PrescalerConfig                 ********   *** removed from Debug\stm8l15x_tim1.o ***
_TIM1_SelectCCDMA                     ********   *** removed from Debug\stm8l15x_tim1.o ***
_TIM1_SelectCOM                       ********   *** removed from Debug\stm8l15x_tim1.o ***
_TIM1_SelectHallSensor                ********   *** removed from Debug\stm8l15x_tim1.o ***
_TIM1_SelectInputTrigger              ********   *** removed from Debug\stm8l15x_tim1.o ***
_TIM1_SelectMasterSlaveMode           ********   *** removed from Debug\stm8l15x_tim1.o ***
_TIM1_SelectOCREFClear                ********   *** removed from Debug\stm8l15x_tim1.o ***
_TIM1_SelectOCxM                      ********   *** removed from Debug\stm8l15x_tim1.o ***
_TIM1_SelectOnePulseMode              ********   *** removed from Debug\stm8l15x_tim1.o ***
_TIM1_SelectOutputTrigger             00008eaa   defined in Debug\stm8l15x_tim1.o section .text
                                                 used in Debug\main.o
_TIM1_SelectSlaveMode                 ********   *** removed from Debug\stm8l15x_tim1.o ***
_TIM1_SetAutoreload                   ********   *** removed from Debug\stm8l15x_tim1.o ***
_TIM1_SetCompare1                     ********   *** removed from Debug\stm8l15x_tim1.o ***
_TIM1_SetCompare2                     ********   *** removed from Debug\stm8l15x_tim1.o ***
_TIM1_SetCompare3                     ********   *** removed from Debug\stm8l15x_tim1.o ***
_TIM1_SetCompare4                     ********   *** removed from Debug\stm8l15x_tim1.o ***
_TIM1_SetCounter                      ********   *** removed from Debug\stm8l15x_tim1.o ***
_TIM1_SetIC1Prescaler                 ********   *** removed from Debug\stm8l15x_tim1.o ***
_TIM1_SetIC2Prescaler                 ********   *** removed from Debug\stm8l15x_tim1.o ***
_TIM1_SetIC3Prescaler                 ********   *** removed from Debug\stm8l15x_tim1.o ***
_TIM1_SetIC4Prescaler                 ********   *** removed from Debug\stm8l15x_tim1.o ***
_TIM1_TIxExternalClockConfig          ********   *** removed from Debug\stm8l15x_tim1.o ***
_TIM1_TimeBaseInit                    00008e06   defined in Debug\stm8l15x_tim1.o section .text
                                                 used in Debug\main.o
_TIM1_UpdateDisableConfig             ********   *** removed from Debug\stm8l15x_tim1.o ***
_TIM1_UpdateRequestConfig             ********   *** removed from Debug\stm8l15x_tim1.o ***
_TIM2_ARRPreloadConfig                ********   *** removed from Debug\stm8l15x_tim2.o ***
_TIM2_BKRConfig                       ********   *** removed from Debug\stm8l15x_tim2.o ***
_TIM2_CCxCmd                          ********   *** removed from Debug\stm8l15x_tim2.o ***
_TIM2_ClearFlag                       ********   *** removed from Debug\stm8l15x_tim2.o ***
_TIM2_ClearITPendingBit               ********   *** removed from Debug\stm8l15x_tim2.o ***
_TIM2_Cmd                             ********   *** removed from Debug\stm8l15x_tim2.o ***
_TIM2_CounterModeConfig               ********   *** removed from Debug\stm8l15x_tim2.o ***
_TIM2_CtrlPWMOutputs                  ********   *** removed from Debug\stm8l15x_tim2.o ***
_TIM2_DMACmd                          ********   *** removed from Debug\stm8l15x_tim2.o ***
_TIM2_DeInit                          ********   *** removed from Debug\stm8l15x_tim2.o ***
_TIM2_ETRClockMode1Config             ********   *** removed from Debug\stm8l15x_tim2.o ***
_TIM2_ETRClockMode2Config             ********   *** removed from Debug\stm8l15x_tim2.o ***
_TIM2_ETRConfig                       ********   *** removed from Debug\stm8l15x_tim2.o ***
_TIM2_EncoderInterfaceConfig          ********   *** removed from Debug\stm8l15x_tim2.o ***
_TIM2_ForcedOC1Config                 ********   *** removed from Debug\stm8l15x_tim2.o ***
_TIM2_ForcedOC2Config                 ********   *** removed from Debug\stm8l15x_tim2.o ***
_TIM2_GenerateEvent                   ********   *** removed from Debug\stm8l15x_tim2.o ***
_TIM2_GetCapture1                     ********   *** removed from Debug\stm8l15x_tim2.o ***
_TIM2_GetCapture2                     ********   *** removed from Debug\stm8l15x_tim2.o ***
_TIM2_GetCounter                      ********   *** removed from Debug\stm8l15x_tim2.o ***
_TIM2_GetFlagStatus                   ********   *** removed from Debug\stm8l15x_tim2.o ***
_TIM2_GetITStatus                     ********   *** removed from Debug\stm8l15x_tim2.o ***
_TIM2_GetPrescaler                    ********   *** removed from Debug\stm8l15x_tim2.o ***
_TIM2_ICInit                          ********   *** removed from Debug\stm8l15x_tim2.o ***
_TIM2_ITConfig                        ********   *** removed from Debug\stm8l15x_tim2.o ***
_TIM2_InternalClockConfig             ********   *** removed from Debug\stm8l15x_tim2.o ***
_TIM2_OC1FastCmd                      ********   *** removed from Debug\stm8l15x_tim2.o ***
_TIM2_OC1Init                         ********   *** removed from Debug\stm8l15x_tim2.o ***
_TIM2_OC1PolarityConfig               ********   *** removed from Debug\stm8l15x_tim2.o ***
_TIM2_OC1PreloadConfig                ********   *** removed from Debug\stm8l15x_tim2.o ***
_TIM2_OC2FastCmd                      ********   *** removed from Debug\stm8l15x_tim2.o ***
_TIM2_OC2Init                         ********   *** removed from Debug\stm8l15x_tim2.o ***
_TIM2_OC2PolarityConfig               ********   *** removed from Debug\stm8l15x_tim2.o ***
_TIM2_OC2PreloadConfig                ********   *** removed from Debug\stm8l15x_tim2.o ***
_TIM2_PWMIConfig                      ********   *** removed from Debug\stm8l15x_tim2.o ***
_TIM2_PrescalerConfig                 ********   *** removed from Debug\stm8l15x_tim2.o ***
_TIM2_SelectCCDMA                     ********   *** removed from Debug\stm8l15x_tim2.o ***
_TIM2_SelectHallSensor                ********   *** removed from Debug\stm8l15x_tim2.o ***
_TIM2_SelectInputTrigger              ********   *** removed from Debug\stm8l15x_tim2.o ***
_TIM2_SelectMasterSlaveMode           ********   *** removed from Debug\stm8l15x_tim2.o ***
_TIM2_SelectOCxM                      ********   *** removed from Debug\stm8l15x_tim2.o ***
_TIM2_SelectOnePulseMode              ********   *** removed from Debug\stm8l15x_tim2.o ***
_TIM2_SelectOutputTrigger             ********   *** removed from Debug\stm8l15x_tim2.o ***
_TIM2_SelectSlaveMode                 ********   *** removed from Debug\stm8l15x_tim2.o ***
_TIM2_SetAutoreload                   ********   *** removed from Debug\stm8l15x_tim2.o ***
_TIM2_SetCompare1                     ********   *** removed from Debug\stm8l15x_tim2.o ***
_TIM2_SetCompare2                     ********   *** removed from Debug\stm8l15x_tim2.o ***
_TIM2_SetCounter                      ********   *** removed from Debug\stm8l15x_tim2.o ***
_TIM2_SetIC1Prescaler                 ********   *** removed from Debug\stm8l15x_tim2.o ***
_TIM2_SetIC2Prescaler                 ********   *** removed from Debug\stm8l15x_tim2.o ***
_TIM2_TIxExternalClockConfig          ********   *** removed from Debug\stm8l15x_tim2.o ***
_TIM2_TimeBaseInit                    ********   *** removed from Debug\stm8l15x_tim2.o ***
_TIM2_UpdateDisableConfig             ********   *** removed from Debug\stm8l15x_tim2.o ***
_TIM2_UpdateRequestConfig             ********   *** removed from Debug\stm8l15x_tim2.o ***
_TIM3_ARRPreloadConfig                ********   *** removed from Debug\stm8l15x_tim3.o ***
_TIM3_BKRConfig                       ********   *** removed from Debug\stm8l15x_tim3.o ***
_TIM3_CCxCmd                          ********   *** removed from Debug\stm8l15x_tim3.o ***
_TIM3_ClearFlag                       ********   *** removed from Debug\stm8l15x_tim3.o ***
_TIM3_ClearITPendingBit               00008d68   defined in Debug\stm8l15x_tim3.o section .text
                                                 used in Debug\stm8l15x_it.o
_TIM3_Cmd                             00008d45   defined in Debug\stm8l15x_tim3.o section .text
                                                 used in Debug\main.o
_TIM3_CounterModeConfig               ********   *** removed from Debug\stm8l15x_tim3.o ***
_TIM3_CtrlPWMOutputs                  ********   *** removed from Debug\stm8l15x_tim3.o ***
_TIM3_DMACmd                          ********   *** removed from Debug\stm8l15x_tim3.o ***
_TIM3_DeInit                          00008cbc   defined in Debug\stm8l15x_tim3.o section .text
                                                 used in Debug\main.o
_TIM3_ETRClockMode1Config             ********   *** removed from Debug\stm8l15x_tim3.o ***
_TIM3_ETRClockMode2Config             ********   *** removed from Debug\stm8l15x_tim3.o ***
_TIM3_ETRConfig                       ********   *** removed from Debug\stm8l15x_tim3.o ***
_TIM3_EncoderInterfaceConfig          ********   *** removed from Debug\stm8l15x_tim3.o ***
_TIM3_ForcedOC1Config                 ********   *** removed from Debug\stm8l15x_tim3.o ***
_TIM3_ForcedOC2Config                 ********   *** removed from Debug\stm8l15x_tim3.o ***
_TIM3_GenerateEvent                   ********   *** removed from Debug\stm8l15x_tim3.o ***
_TIM3_GetCapture1                     ********   *** removed from Debug\stm8l15x_tim3.o ***
_TIM3_GetCapture2                     ********   *** removed from Debug\stm8l15x_tim3.o ***
_TIM3_GetCounter                      ********   *** removed from Debug\stm8l15x_tim3.o ***
_TIM3_GetFlagStatus                   ********   *** removed from Debug\stm8l15x_tim3.o ***
_TIM3_GetITStatus                     ********   *** removed from Debug\stm8l15x_tim3.o ***
_TIM3_GetPrescaler                    ********   *** removed from Debug\stm8l15x_tim3.o ***
_TIM3_ICInit                          ********   *** removed from Debug\stm8l15x_tim3.o ***
_TIM3_ITConfig                        00008d52   defined in Debug\stm8l15x_tim3.o section .text
                                                 used in Debug\main.o
_TIM3_InternalClockConfig             ********   *** removed from Debug\stm8l15x_tim3.o ***
_TIM3_OC1FastCmd                      ********   *** removed from Debug\stm8l15x_tim3.o ***
_TIM3_OC1Init                         ********   *** removed from Debug\stm8l15x_tim3.o ***
_TIM3_OC1PolarityConfig               ********   *** removed from Debug\stm8l15x_tim3.o ***
_TIM3_OC1PreloadConfig                ********   *** removed from Debug\stm8l15x_tim3.o ***
_TIM3_OC2FastCmd                      ********   *** removed from Debug\stm8l15x_tim3.o ***
_TIM3_OC2Init                         ********   *** removed from Debug\stm8l15x_tim3.o ***
_TIM3_OC2PolarityConfig               ********   *** removed from Debug\stm8l15x_tim3.o ***
_TIM3_OC2PreloadConfig                ********   *** removed from Debug\stm8l15x_tim3.o ***
_TIM3_PWMIConfig                      ********   *** removed from Debug\stm8l15x_tim3.o ***
_TIM3_PrescalerConfig                 ********   *** removed from Debug\stm8l15x_tim3.o ***
_TIM3_SelectCCDMA                     ********   *** removed from Debug\stm8l15x_tim3.o ***
_TIM3_SelectHallSensor                ********   *** removed from Debug\stm8l15x_tim3.o ***
_TIM3_SelectInputTrigger              ********   *** removed from Debug\stm8l15x_tim3.o ***
_TIM3_SelectMasterSlaveMode           ********   *** removed from Debug\stm8l15x_tim3.o ***
_TIM3_SelectOCxM                      ********   *** removed from Debug\stm8l15x_tim3.o ***
_TIM3_SelectOnePulseMode              ********   *** removed from Debug\stm8l15x_tim3.o ***
_TIM3_SelectOutputTrigger             ********   *** removed from Debug\stm8l15x_tim3.o ***
_TIM3_SelectSlaveMode                 ********   *** removed from Debug\stm8l15x_tim3.o ***
_TIM3_SetAutoreload                   ********   *** removed from Debug\stm8l15x_tim3.o ***
_TIM3_SetCompare1                     ********   *** removed from Debug\stm8l15x_tim3.o ***
_TIM3_SetCompare2                     ********   *** removed from Debug\stm8l15x_tim3.o ***
_TIM3_SetCounter                      ********   *** removed from Debug\stm8l15x_tim3.o ***
_TIM3_SetIC1Prescaler                 ********   *** removed from Debug\stm8l15x_tim3.o ***
_TIM3_SetIC2Prescaler                 ********   *** removed from Debug\stm8l15x_tim3.o ***
_TIM3_TIxExternalClockConfig          ********   *** removed from Debug\stm8l15x_tim3.o ***
_TIM3_TimeBaseInit                    00008d21   defined in Debug\stm8l15x_tim3.o section .text
                                                 used in Debug\main.o
_TIM3_UpdateDisableConfig             ********   *** removed from Debug\stm8l15x_tim3.o ***
_TIM3_UpdateRequestConfig             ********   *** removed from Debug\stm8l15x_tim3.o ***
_TIM4_ARRPreloadConfig                ********   *** removed from Debug\stm8l15x_tim4.o ***
_TIM4_ClearFlag                       ********   *** removed from Debug\stm8l15x_tim4.o ***
_TIM4_ClearITPendingBit               ********   *** removed from Debug\stm8l15x_tim4.o ***
_TIM4_Cmd                             00008caf   defined in Debug\stm8l15x_tim4.o section .text
                                                 used in Debug\main.o
_TIM4_DMACmd                          ********   *** removed from Debug\stm8l15x_tim4.o ***
_TIM4_DeInit                          ********   *** removed from Debug\stm8l15x_tim4.o ***
_TIM4_GenerateEvent                   ********   *** removed from Debug\stm8l15x_tim4.o ***
_TIM4_GetCounter                      ********   *** removed from Debug\stm8l15x_tim4.o ***
_TIM4_GetFlagStatus                   ********   *** removed from Debug\stm8l15x_tim4.o ***
_TIM4_GetITStatus                     ********   *** removed from Debug\stm8l15x_tim4.o ***
_TIM4_GetPrescaler                    ********   *** removed from Debug\stm8l15x_tim4.o ***
_TIM4_ITConfig                        ********   *** removed from Debug\stm8l15x_tim4.o ***
_TIM4_InternalClockConfig             ********   *** removed from Debug\stm8l15x_tim4.o ***
_TIM4_PrescalerConfig                 ********   *** removed from Debug\stm8l15x_tim4.o ***
_TIM4_SelectInputTrigger              ********   *** removed from Debug\stm8l15x_tim4.o ***
_TIM4_SelectMasterSlaveMode           ********   *** removed from Debug\stm8l15x_tim4.o ***
_TIM4_SelectOnePulseMode              ********   *** removed from Debug\stm8l15x_tim4.o ***
_TIM4_SelectOutputTrigger             ********   *** removed from Debug\stm8l15x_tim4.o ***
_TIM4_SelectSlaveMode                 ********   *** removed from Debug\stm8l15x_tim4.o ***
_TIM4_SetAutoreload                   ********   *** removed from Debug\stm8l15x_tim4.o ***
_TIM4_SetCounter                      ********   *** removed from Debug\stm8l15x_tim4.o ***
_TIM4_TimeBaseInit                    00008ca2   defined in Debug\stm8l15x_tim4.o section .text
                                                 used in Debug\main.o
_TIM4_UpdateDisableConfig             ********   *** removed from Debug\stm8l15x_tim4.o ***
_TIM4_UpdateRequestConfig             ********   *** removed from Debug\stm8l15x_tim4.o ***
_Triang12bit                          00008184   defined in Debug\main.o section .const
_Triang12bit2                         00008616   defined in Debug\main.o section .const
_VDD                                  00000046   defined in Debug\main.o section .bsct, initialized
_WavesTab130                          000088bd   defined in Debug\main.o section .const
_WavesTab65                           000088b1   defined in Debug\main.o section .const
_WavesTabPWM                          000088a3   defined in Debug\main.o section .const
__endmem                              000005fe   defined in command file
                                                 *** not used ***
__endzp                               00000062   defined in command file section .ubsct
                                                 used in d:\Program Files (x86)\COSMIC\CXSTM8_32K\Lib\crtsi0.sm8
__idesc__                             00008bfe   defined in linker section .init
                                                 used in d:\Program Files (x86)\COSMIC\CXSTM8_32K\Lib\crtsi0.sm8
__memory                              00000100   defined in command file section .bss
                                                 used in d:\Program Files (x86)\COSMIC\CXSTM8_32K\Lib\crtsi0.sm8
__stack                               000007ff   defined in command file
                                                 used in d:\Program Files (x86)\COSMIC\CXSTM8_32K\Lib\crtsi0.sm8
__startmem                            00000100   defined in command file section .bss
                                                 *** not used ***
__stext                               00008c57   defined in d:\Program Files (x86)\COSMIC\CXSTM8_32K\Lib\crtsi0.sm8 section .text
                                                 used in Debug\stm8_interrupt_vector.o
__vectab                              00008000   defined in Debug\stm8_interrupt_vector.o section .const
_ad_samples_cnt                       00000004   defined in Debug\stm8l15x_it.o section .bsct, initialized
_adc_GenSigMax                        0000000c   defined in Debug\stm8l15x_it.o section .bsct, initialized
                                                 used in Debug\main.o
_adc_GenSigMax_ACCU                   0000000a   defined in Debug\stm8l15x_it.o section .bsct, initialized
_adc_IntREF                           00000008   defined in Debug\stm8l15x_it.o section .bsct, initialized
                                                 used in Debug\main.o
_adc_IntREF_ACCU                      00000006   defined in Debug\stm8l15x_it.o section .bsct, initialized
_adc_extVoltage                       00000010   defined in Debug\stm8l15x_it.o section .bsct, initialized
                                                 used in Debug\main.o
_adc_extVoltage_ACCU                  0000000e   defined in Debug\stm8l15x_it.o section .bsct, initialized
_adc_measurement_selector             00000012   defined in Debug\stm8l15x_it.o section .bsct, initialized
                                                 used in Debug\main.o
_adc_nr_samp_discarded                00000013   defined in Debug\stm8l15x_it.o section .bsct, initialized
_btn_chg_wave_0_cnt                   0000001a   defined in Debug\stm8l15x_it.o section .bsct, initialized
_btn_chg_wave_1_cnt                   0000001b   defined in Debug\stm8l15x_it.o section .bsct, initialized
_btn_chg_wave_delay_cnt               0000002f   defined in Debug\stm8l15x_it.o section .bsct, initialized
_btn_chg_wave_delay_flag              0000002b   defined in Debug\stm8l15x_it.o section .bsct, initialized
                                                 used in Debug\main.o
_btn_chg_wave_press_tmr               00000026   defined in Debug\stm8l15x_it.o section .bsct, initialized
_btn_chg_wave_state                   0000001f   defined in Debug\stm8l15x_it.o section .bsct, initialized
                                                 used in Debug\main.o
_btn_delay_start                      00000036   defined in Debug\main.o section .bsct, initialized
_btn_freq_dec_0_cnt                   00000018   defined in Debug\stm8l15x_it.o section .bsct, initialized
_btn_freq_dec_1_cnt                   00000019   defined in Debug\stm8l15x_it.o section .bsct, initialized
_btn_freq_dec_delay_cnt               0000002e   defined in Debug\stm8l15x_it.o section .bsct, initialized
_btn_freq_dec_delay_flag              0000002a   defined in Debug\stm8l15x_it.o section .bsct, initialized
                                                 used in Debug\main.o
_btn_freq_dec_press_tmr               00000024   defined in Debug\stm8l15x_it.o section .bsct, initialized
                                                 used in Debug\main.o
_btn_freq_dec_state                   0000001e   defined in Debug\stm8l15x_it.o section .bsct, initialized
                                                 used in Debug\main.o
_btn_freq_duty_0_cnt                  00000014   defined in Debug\stm8l15x_it.o section .bsct, initialized
_btn_freq_duty_1_cnt                  00000015   defined in Debug\stm8l15x_it.o section .bsct, initialized
_btn_freq_duty_delay_cnt              0000002c   defined in Debug\stm8l15x_it.o section .bsct, initialized
_btn_freq_duty_delay_flag             00000028   defined in Debug\stm8l15x_it.o section .bsct, initialized
                                                 used in Debug\main.o
_btn_freq_duty_press_tmr              00000020   defined in Debug\stm8l15x_it.o section .bsct, initialized
_btn_freq_duty_state                  0000001c   defined in Debug\stm8l15x_it.o section .bsct, initialized
                                                 used in Debug\main.o
_btn_freq_inc_0_cnt                   00000016   defined in Debug\stm8l15x_it.o section .bsct, initialized
_btn_freq_inc_1_cnt                   00000017   defined in Debug\stm8l15x_it.o section .bsct, initialized
_btn_freq_inc_delay_cnt               0000002d   defined in Debug\stm8l15x_it.o section .bsct, initialized
_btn_freq_inc_delay_flag              00000029   defined in Debug\stm8l15x_it.o section .bsct, initialized
                                                 used in Debug\main.o
_btn_freq_inc_press_tmr               00000022   defined in Debug\stm8l15x_it.o section .bsct, initialized
                                                 used in Debug\main.o
_btn_freq_inc_state                   0000001d   defined in Debug\stm8l15x_it.o section .bsct, initialized
                                                 used in Debug\main.o
_button_pressed                       00000041   defined in Debug\main.o section .bsct, initialized
_calc_freq                            0000003d   defined in Debug\main.o section .bsct, initialized
_calc_freq16                          00000044   defined in Debug\main.o section .bsct, initialized
_delay_10us                           ********   *** removed from Debug\delay.o ***
_delay_ms                             ********   *** removed from Debug\delay.o ***
_display_loop                         00000034   defined in Debug\main.o section .bsct, initialized
_exit                                 00008ca0   defined in d:\Program Files (x86)\COSMIC\CXSTM8_32K\Lib\crtsi0.sm8 section .text
_frequency_duty_sel                   00000042   defined in Debug\main.o section .bsct, initialized
_frequency_duty_sel_old               00000043   defined in Debug\main.o section .bsct, initialized
_main                                 000094ab   defined in Debug\main.o section .text
                                                 used in d:\Program Files (x86)\COSMIC\CXSTM8_32K\Lib\crtsi0.sm8
_req_duty_PWM                         0000003b   defined in Debug\main.o section .bsct, initialized
_req_freq                             00000037   defined in Debug\main.o section .bsct, initialized
_req_freq_PWM                         00000039   defined in Debug\main.o section .bsct, initialized
_sample_size                          00000035   defined in Debug\main.o section .bsct, initialized
_str                                  00000051   defined in Debug\main.o section .ubsct
_t_bar                                0000004f   defined in Debug\stm8l_discovery_lcd.o section .bsct, initialized
_temp_AD16                            00000002   defined in Debug\stm8l15x_it.o section .bsct, initialized
_temp_AD_H                            00000000   defined in Debug\stm8l15x_it.o section .bsct, initialized
_temp_AD_L                            00000001   defined in Debug\stm8l15x_it.o section .bsct, initialized
_trigger_flag_60ms                    00000030   defined in Debug\stm8l15x_it.o section .bsct, initialized
                                                 used in Debug\main.o
_trigger_flag_60ms_cnt                00000031   defined in Debug\stm8l15x_it.o section .bsct, initialized
_wave_type                            00000032   defined in Debug\main.o section .bsct, initialized
_wave_type_old                        00000033   defined in Debug\main.o section .bsct, initialized
c_divsl                               0000a328   defined in (d:\Program Files (x86)\COSMIC\CXSTM8_32K\Lib\libm0.sm8)ldiv.o section .text
                                                 *** not used ***
c_divul                               0000a33f   defined in (d:\Program Files (x86)\COSMIC\CXSTM8_32K\Lib\libm0.sm8)ldiv.o section .text
                                                 used in (d:\Program Files (x86)\COSMIC\CXSTM8_32K\Lib\libm0.sm8)ludiv.o
c_idiv                                ********   *** removed from (d:\Program Files (x86)\COSMIC\CXSTM8_32K\Lib\libm0.sm8)idiv.o ***
c_lgneg                               0000a413   defined in (d:\Program Files (x86)\COSMIC\CXSTM8_32K\Lib\libm0.sm8)lgneg.o section .text
                                                 used in (d:\Program Files (x86)\COSMIC\CXSTM8_32K\Lib\libm0.sm8)ldiv.o
c_lgursh                              0000a2f4   defined in (d:\Program Files (x86)\COSMIC\CXSTM8_32K\Lib\libm0.sm8)lgursh.o section .text
                                                 used in Debug\main.o
c_lneg                                0000a426   defined in (d:\Program Files (x86)\COSMIC\CXSTM8_32K\Lib\libm0.sm8)lneg.o section .text
                                                 used in (d:\Program Files (x86)\COSMIC\CXSTM8_32K\Lib\libm0.sm8)ldiv.o
c_lreg                                00000058   defined in (d:\Program Files (x86)\COSMIC\CXSTM8_32K\Lib\libm0.sm8)lreg.o section .ubsct
                                                 used in Debug\stm8l15x_clk.o
                                                         Debug\main.o
                                                         (d:\Program Files (x86)\COSMIC\CXSTM8_32K\Lib\libm0.sm8)ltor.o
                                                         (d:\Program Files (x86)\COSMIC\CXSTM8_32K\Lib\libm0.sm8)ldiv.o
                                                         (d:\Program Files (x86)\COSMIC\CXSTM8_32K\Lib\libm0.sm8)lneg.o
                                                         (d:\Program Files (x86)\COSMIC\CXSTM8_32K\Lib\libm0.sm8)lursh.o
                                                         (d:\Program Files (x86)\COSMIC\CXSTM8_32K\Lib\libm0.sm8)rtol.o
                                                         (d:\Program Files (x86)\COSMIC\CXSTM8_32K\Lib\libm0.sm8)utolx.o
                                                         (d:\Program Files (x86)\COSMIC\CXSTM8_32K\Lib\libm0.sm8)umul.o
c_ltor                                0000a302   defined in (d:\Program Files (x86)\COSMIC\CXSTM8_32K\Lib\libm0.sm8)ltor.o section .text
                                                 used in Debug\stm8l15x_clk.o
                                                         Debug\main.o
c_ludv                                0000a314   defined in (d:\Program Files (x86)\COSMIC\CXSTM8_32K\Lib\libm0.sm8)ludiv.o section .text
                                                 used in Debug\stm8l15x_clk.o
                                                         Debug\main.o
c_lursh                               0000a43b   defined in (d:\Program Files (x86)\COSMIC\CXSTM8_32K\Lib\libm0.sm8)lursh.o section .text
                                                 used in Debug\main.o
c_rtol                                0000a44a   defined in (d:\Program Files (x86)\COSMIC\CXSTM8_32K\Lib\libm0.sm8)rtol.o section .text
                                                 used in Debug\stm8l15x_clk.o
                                                         Debug\main.o
c_uitolx                              0000a45c   defined in (d:\Program Files (x86)\COSMIC\CXSTM8_32K\Lib\libm0.sm8)utolx.o section .text
                                                 used in Debug\main.o
c_umul                                0000a463   defined in (d:\Program Files (x86)\COSMIC\CXSTM8_32K\Lib\libm0.sm8)umul.o section .text
                                                 used in Debug\main.o
c_x                                   0000005c   defined in (d:\Program Files (x86)\COSMIC\CXSTM8_32K\Lib\libm0.sm8)xreg.o section .ubsct
                                                 used in d:\Program Files (x86)\COSMIC\CXSTM8_32K\Lib\crtsi0.sm8
                                                         Debug\stm8l15x_it.o
                                                         (d:\Program Files (x86)\COSMIC\CXSTM8_32K\Lib\libm0.sm8)ldiv.o
                                                         (d:\Program Files (x86)\COSMIC\CXSTM8_32K\Lib\libm0.sm8)umul.o
                                                         (d:\Program Files (x86)\COSMIC\CXSTM8_32K\Lib\libm0.sm8)xymvx.o
c_xymvx                               ********   *** removed from (d:\Program Files (x86)\COSMIC\CXSTM8_32K\Lib\libm0.sm8)xymvx.o ***
c_y                                   0000005f   defined in (d:\Program Files (x86)\COSMIC\CXSTM8_32K\Lib\libm0.sm8)yreg.o section .ubsct
                                                 used in d:\Program Files (x86)\COSMIC\CXSTM8_32K\Lib\crtsi0.sm8
                                                         Debug\stm8l15x_it.o
                                                         (d:\Program Files (x86)\COSMIC\CXSTM8_32K\Lib\libm0.sm8)umul.o
f_ADC1_COMP_IRQHandler                000091d7   defined in Debug\stm8l15x_it.o section .text
                                                 used in Debug\stm8_interrupt_vector.o
f_DMA1_CHANNEL0_1_IRQHandler          000091b7   defined in Debug\stm8l15x_it.o section .text
                                                 used in Debug\stm8_interrupt_vector.o
f_DMA1_CHANNEL2_3_IRQHandler          000091b9   defined in Debug\stm8l15x_it.o section .text
                                                 used in Debug\stm8_interrupt_vector.o
f_EXTI0_IRQHandler                    000091c3   defined in Debug\stm8l15x_it.o section .text
                                                 used in Debug\stm8_interrupt_vector.o
f_EXTI1_IRQHandler                    000091c5   defined in Debug\stm8l15x_it.o section .text
                                                 used in Debug\stm8_interrupt_vector.o
f_EXTI2_IRQHandler                    000091c7   defined in Debug\stm8l15x_it.o section .text
                                                 used in Debug\stm8_interrupt_vector.o
f_EXTI3_IRQHandler                    000091c9   defined in Debug\stm8l15x_it.o section .text
                                                 used in Debug\stm8_interrupt_vector.o
f_EXTI4_IRQHandler                    000091cb   defined in Debug\stm8l15x_it.o section .text
                                                 used in Debug\stm8_interrupt_vector.o
f_EXTI5_IRQHandler                    000091cd   defined in Debug\stm8l15x_it.o section .text
                                                 used in Debug\stm8_interrupt_vector.o
f_EXTI6_IRQHandler                    000091cf   defined in Debug\stm8l15x_it.o section .text
                                                 used in Debug\stm8_interrupt_vector.o
f_EXTI7_IRQHandler                    000091d1   defined in Debug\stm8l15x_it.o section .text
                                                 used in Debug\stm8_interrupt_vector.o
f_EXTIB_IRQHandler                    000091bf   defined in Debug\stm8l15x_it.o section .text
                                                 used in Debug\stm8_interrupt_vector.o
f_EXTID_IRQHandler                    000091c1   defined in Debug\stm8l15x_it.o section .text
                                                 used in Debug\stm8_interrupt_vector.o
f_EXTIE_F_PVD_IRQHandler              000091bd   defined in Debug\stm8l15x_it.o section .text
                                                 used in Debug\stm8_interrupt_vector.o
f_FLASH_IRQHandler                    000091b5   defined in Debug\stm8l15x_it.o section .text
                                                 used in Debug\stm8_interrupt_vector.o
f_I2C1_IRQHandler                     000094a9   defined in Debug\stm8l15x_it.o section .text
                                                 used in Debug\stm8_interrupt_vector.o
f_LCD_IRQHandler                      000091d3   defined in Debug\stm8l15x_it.o section .text
                                                 used in Debug\stm8_interrupt_vector.o
f_NonHandledInterrupt                 000091b1   defined in Debug\stm8l15x_it.o section .text
                                                 used in Debug\stm8_interrupt_vector.o
f_RTC_IRQHandler                      000091bb   defined in Debug\stm8l15x_it.o section .text
                                                 used in Debug\stm8_interrupt_vector.o
f_SPI1_IRQHandler                     000094a3   defined in Debug\stm8l15x_it.o section .text
                                                 used in Debug\stm8_interrupt_vector.o
f_SWITCH_CSS_BREAK_DAC_IRQHandler     000091d5   defined in Debug\stm8l15x_it.o section .text
                                                 used in Debug\stm8_interrupt_vector.o
f_TIM1_CAP_IRQHandler                 00009474   defined in Debug\stm8l15x_it.o section .text
                                                 used in Debug\stm8_interrupt_vector.o
f_TIM1_UPD_OVF_TRG_COM_IRQHandler     0000944a   defined in Debug\stm8l15x_it.o section .text
                                                 used in Debug\stm8_interrupt_vector.o
f_TIM2_CAP_IRQHandler                 000092f8   defined in Debug\stm8l15x_it.o section .text
                                                 used in Debug\stm8_interrupt_vector.o
f_TIM2_UPD_OVF_TRG_BRK_IRQHandler     000092f6   defined in Debug\stm8l15x_it.o section .text
                                                 used in Debug\stm8_interrupt_vector.o
f_TIM3_CAP_IRQHandler                 00009448   defined in Debug\stm8l15x_it.o section .text
                                                 used in Debug\stm8_interrupt_vector.o
f_TIM3_UPD_OVF_TRG_BRK_IRQHandler     000092fa   defined in Debug\stm8l15x_it.o section .text
                                                 used in Debug\stm8_interrupt_vector.o
f_TIM4_UPD_OVF_TRG_IRQHandler         000094a1   defined in Debug\stm8l15x_it.o section .text
                                                 used in Debug\stm8_interrupt_vector.o
f_TRAP_IRQHandler                     000091b3   defined in Debug\stm8l15x_it.o section .text
                                                 used in Debug\stm8_interrupt_vector.o
f_USART1_RX_IRQHandler                000094a7   defined in Debug\stm8l15x_it.o section .text
                                                 used in Debug\stm8_interrupt_vector.o
f_USART1_TX_IRQHandler                000094a5   defined in Debug\stm8l15x_it.o section .text
                                                 used in Debug\stm8_interrupt_vector.o
